<!--XML article tree automatically generated by showyourwork-->
<INPUT>input.txt</INPUT>
