<!--XML article tree automatically generated by showyourwork-->
