<!--XML article tree automatically generated by showyourwork-->
<FIGURE>
<GRAPHICS>test.png</GRAPHICS>
</FIGURE>
