<!--XML article tree automatically generated by showyourwork-->
<INPUT>input.txt</INPUT>
<FIGURE>
<GRAPHICS>test1.png</GRAPHICS>
</FIGURE>
<FIGURE>
<GRAPHICS>test2.png</GRAPHICS>
<LABEL>fig:test2</LABEL>
</FIGURE>
